// Jest Snapshot v1, https://goo.gl/fbAQLP

exports[`shows the children when the checkbox is checked 1`] = `
<div
  className="container"
>
  <h1
    className="calc_header"
  >
    Lets do some Math
  </h1>
  <div
    className="calculator_container"
  >
    <div
      className="input_field"
    >
      <input
        onChange={[Function]}
        type="text"
        value=""
      />
    </div>
    <div
      className="row"
    >
      <button
        className=""
        onClick={[Function]}
      >
        AC
      </button>
      <button
        className=""
        onClick={[Function]}
      >
        +/-
      </button>
      <button
        className=""
        onClick={[Function]}
      >
        %
      </button>
      <button
        className=""
        onClick={[Function]}
      >
        /
      </button>
      <button
        className=""
        onClick={[Function]}
      >
        7
      </button>
      <button
        className=""
        onClick={[Function]}
      >
        8
      </button>
      <button
        className=""
        onClick={[Function]}
      >
        9
      </button>
      <button
        className=""
        onClick={[Function]}
      >
        *
      </button>
      <button
        className=""
        onClick={[Function]}
      >
        4
      </button>
      <button
        className=""
        onClick={[Function]}
      >
        5
      </button>
      <button
        className=""
        onClick={[Function]}
      >
        6
      </button>
      <button
        className=""
        onClick={[Function]}
      >
        -
      </button>
      <button
        className=""
        onClick={[Function]}
      >
        1
      </button>
      <button
        className=""
        onClick={[Function]}
      >
        2
      </button>
      <button
        className=""
        onClick={[Function]}
      >
        3
      </button>
      <button
        className=""
        onClick={[Function]}
      >
        +
      </button>
      <button
        className="zero"
        onClick={[Function]}
      >
        0
      </button>
      <button
        className=""
        onClick={[Function]}
      >
        .
      </button>
      <button
        className=""
        onClick={[Function]}
      >
        =
      </button>
    </div>
  </div>
</div>
`;
